// Jest Snapshot v1, https://goo.gl/fbAQLP

exports[`<InvoicePayment /> spec renders the component 1`] = `
Object {
  "asFragment": [Function],
  "baseElement": <body>
    <div>
      <div
        class="sc-brqgnP bGWdk"
      >
        <form
          class="sc-cMljjf jWaZMD sc-eNQAEJ fYukrM"
        >
          <div
            class="sc-hMqMXs dSDiJQ"
          >
            <div
              class="sc-htpNat cWnILl"
            >
              <div
                class="sc-bxivhb iiUfTC"
              >
                <span
                  class="sc-gzVnrw gtppSg"
                >
                  Search IBAN
                </span>
                <span
                  class="sc-gzVnrw gtppSg"
                >
                   
                </span>
                <span
                  class="sc-gzVnrw gtppSg"
                >
                  +
                </span>
              </div>
              <div
                class="sc-bxivhb evsUlz"
              >
                <label
                  class="sc-ifAKCX hSWqAs"
                >
                   
                  <span
                    class="sc-EHOje cZmnwG"
                  >
                    Enter 
                  </span>
                    
                  Search IBAN
                </label>
                <input
                  class="sc-bZQynM htDgzj"
                  name="ibanNum"
                  placeholder="DE-12-1234-1234-12345-12"
                />
              </div>
            </div>
          </div>
          <button
            class="sc-bdVaJa sc-jDwBTQ iKfuNx"
            color="primary"
            disabled=""
            type="submit"
          >
            Done
          </button>
        </form>
      </div>
    </div>
  </body>,
  "container": <div>
    <div
      class="sc-brqgnP bGWdk"
    >
      <form
        class="sc-cMljjf jWaZMD sc-eNQAEJ fYukrM"
      >
        <div
          class="sc-hMqMXs dSDiJQ"
        >
          <div
            class="sc-htpNat cWnILl"
          >
            <div
              class="sc-bxivhb iiUfTC"
            >
              <span
                class="sc-gzVnrw gtppSg"
              >
                Search IBAN
              </span>
              <span
                class="sc-gzVnrw gtppSg"
              >
                 
              </span>
              <span
                class="sc-gzVnrw gtppSg"
              >
                +
              </span>
            </div>
            <div
              class="sc-bxivhb evsUlz"
            >
              <label
                class="sc-ifAKCX hSWqAs"
              >
                 
                <span
                  class="sc-EHOje cZmnwG"
                >
                  Enter 
                </span>
                  
                Search IBAN
              </label>
              <input
                class="sc-bZQynM htDgzj"
                name="ibanNum"
                placeholder="DE-12-1234-1234-12345-12"
              />
            </div>
          </div>
        </div>
        <button
          class="sc-bdVaJa sc-jDwBTQ iKfuNx"
          color="primary"
          disabled=""
          type="submit"
        >
          Done
        </button>
      </form>
    </div>
  </div>,
  "debug": [Function],
  "findAllByAltText": [Function],
  "findAllByDisplayValue": [Function],
  "findAllByLabelText": [Function],
  "findAllByPlaceholderText": [Function],
  "findAllByRole": [Function],
  "findAllByTestId": [Function],
  "findAllByText": [Function],
  "findAllByTitle": [Function],
  "findByAltText": [Function],
  "findByDisplayValue": [Function],
  "findByLabelText": [Function],
  "findByPlaceholderText": [Function],
  "findByRole": [Function],
  "findByTestId": [Function],
  "findByText": [Function],
  "findByTitle": [Function],
  "getAllByAltText": [Function],
  "getAllByDisplayValue": [Function],
  "getAllByLabelText": [Function],
  "getAllByPlaceholderText": [Function],
  "getAllByRole": [Function],
  "getAllByTestId": [Function],
  "getAllByText": [Function],
  "getAllByTitle": [Function],
  "getByAltText": [Function],
  "getByDisplayValue": [Function],
  "getByLabelText": [Function],
  "getByPlaceholderText": [Function],
  "getByRole": [Function],
  "getByTestId": [Function],
  "getByText": [Function],
  "getByTitle": [Function],
  "queryAllByAltText": [Function],
  "queryAllByDisplayValue": [Function],
  "queryAllByLabelText": [Function],
  "queryAllByPlaceholderText": [Function],
  "queryAllByRole": [Function],
  "queryAllByTestId": [Function],
  "queryAllByText": [Function],
  "queryAllByTitle": [Function],
  "queryByAltText": [Function],
  "queryByDisplayValue": [Function],
  "queryByLabelText": [Function],
  "queryByPlaceholderText": [Function],
  "queryByRole": [Function],
  "queryByTestId": [Function],
  "queryByText": [Function],
  "queryByTitle": [Function],
  "rerender": [Function],
  "unmount": [Function],
}
`;
