// Jest Snapshot v1, https://goo.gl/fbAQLP

exports[`<IBANInput /> spec renders the component 1`] = `
Object {
  "asFragment": [Function],
  "baseElement": <body>
    <div>
      <div
        class="sc-htpNat ctuoOm"
      >
        <div
          class="sc-bxivhb cWjgJW"
        >
          <span
            class="sc-gzVnrw gtppSg"
          />
          <span
            class="sc-gzVnrw gtppSg"
          >
            DE-12-1234-1234-12345-12
             
          </span>
          <span
            class="sc-gzVnrw gtppSg"
          >
            +
          </span>
        </div>
        <div
          class="sc-bxivhb hWYmZL"
        >
          <input
            class="sc-bZQynM htDgzj"
            placeholder="DE-12-1234-1234-12345-12"
            value="DE-12-1234-1234-12345-12"
          />
        </div>
      </div>
    </div>
  </body>,
  "container": <div>
    <div
      class="sc-htpNat ctuoOm"
    >
      <div
        class="sc-bxivhb cWjgJW"
      >
        <span
          class="sc-gzVnrw gtppSg"
        />
        <span
          class="sc-gzVnrw gtppSg"
        >
          DE-12-1234-1234-12345-12
           
        </span>
        <span
          class="sc-gzVnrw gtppSg"
        >
          +
        </span>
      </div>
      <div
        class="sc-bxivhb hWYmZL"
      >
        <input
          class="sc-bZQynM htDgzj"
          placeholder="DE-12-1234-1234-12345-12"
          value="DE-12-1234-1234-12345-12"
        />
      </div>
    </div>
  </div>,
  "debug": [Function],
  "findAllByAltText": [Function],
  "findAllByDisplayValue": [Function],
  "findAllByLabelText": [Function],
  "findAllByPlaceholderText": [Function],
  "findAllByRole": [Function],
  "findAllByTestId": [Function],
  "findAllByText": [Function],
  "findAllByTitle": [Function],
  "findByAltText": [Function],
  "findByDisplayValue": [Function],
  "findByLabelText": [Function],
  "findByPlaceholderText": [Function],
  "findByRole": [Function],
  "findByTestId": [Function],
  "findByText": [Function],
  "findByTitle": [Function],
  "getAllByAltText": [Function],
  "getAllByDisplayValue": [Function],
  "getAllByLabelText": [Function],
  "getAllByPlaceholderText": [Function],
  "getAllByRole": [Function],
  "getAllByTestId": [Function],
  "getAllByText": [Function],
  "getAllByTitle": [Function],
  "getByAltText": [Function],
  "getByDisplayValue": [Function],
  "getByLabelText": [Function],
  "getByPlaceholderText": [Function],
  "getByRole": [Function],
  "getByTestId": [Function],
  "getByText": [Function],
  "getByTitle": [Function],
  "queryAllByAltText": [Function],
  "queryAllByDisplayValue": [Function],
  "queryAllByLabelText": [Function],
  "queryAllByPlaceholderText": [Function],
  "queryAllByRole": [Function],
  "queryAllByTestId": [Function],
  "queryAllByText": [Function],
  "queryAllByTitle": [Function],
  "queryByAltText": [Function],
  "queryByDisplayValue": [Function],
  "queryByLabelText": [Function],
  "queryByPlaceholderText": [Function],
  "queryByRole": [Function],
  "queryByTestId": [Function],
  "queryByText": [Function],
  "queryByTitle": [Function],
  "rerender": [Function],
  "unmount": [Function],
}
`;
