// Jest Snapshot v1, https://goo.gl/fbAQLP

exports[`<DatePicker /> spec renders the component 1`] = `
Object {
  "asFragment": [Function],
  "baseElement": <body>
    <div>
      <div
        class="sc-kEYyzF gVtqmL"
      >
        <div
          class="sc-bwzfXH jqqcYM"
        >
          <div
            class="sc-htpNat caMxVp"
          >
            <span
              class="sc-bZQynM hanFHq"
            />
            <span
              class="sc-bZQynM hanFHq"
            >
              2019-05-02
            </span>
            <span
              class="sc-bZQynM hanFHq"
            >
              ^
            </span>
          </div>
          <div
            class="sc-htpNat eWpxpu"
          >
            <div
              class="react-datepicker-wrapper"
            >
              <div
                class="react-datepicker__input-container"
              >
                <input
                  class=""
                  type="text"
                  value="05/02/2019"
                />
              </div>
            </div>
          </div>
        </div>
      </div>
    </div>
  </body>,
  "container": <div>
    <div
      class="sc-kEYyzF gVtqmL"
    >
      <div
        class="sc-bwzfXH jqqcYM"
      >
        <div
          class="sc-htpNat caMxVp"
        >
          <span
            class="sc-bZQynM hanFHq"
          />
          <span
            class="sc-bZQynM hanFHq"
          >
            2019-05-02
          </span>
          <span
            class="sc-bZQynM hanFHq"
          >
            ^
          </span>
        </div>
        <div
          class="sc-htpNat eWpxpu"
        >
          <div
            class="react-datepicker-wrapper"
          >
            <div
              class="react-datepicker__input-container"
            >
              <input
                class=""
                type="text"
                value="05/02/2019"
              />
            </div>
          </div>
        </div>
      </div>
    </div>
  </div>,
  "debug": [Function],
  "findAllByAltText": [Function],
  "findAllByDisplayValue": [Function],
  "findAllByLabelText": [Function],
  "findAllByPlaceholderText": [Function],
  "findAllByRole": [Function],
  "findAllByTestId": [Function],
  "findAllByText": [Function],
  "findAllByTitle": [Function],
  "findByAltText": [Function],
  "findByDisplayValue": [Function],
  "findByLabelText": [Function],
  "findByPlaceholderText": [Function],
  "findByRole": [Function],
  "findByTestId": [Function],
  "findByText": [Function],
  "findByTitle": [Function],
  "getAllByAltText": [Function],
  "getAllByDisplayValue": [Function],
  "getAllByLabelText": [Function],
  "getAllByPlaceholderText": [Function],
  "getAllByRole": [Function],
  "getAllByTestId": [Function],
  "getAllByText": [Function],
  "getAllByTitle": [Function],
  "getByAltText": [Function],
  "getByDisplayValue": [Function],
  "getByLabelText": [Function],
  "getByPlaceholderText": [Function],
  "getByRole": [Function],
  "getByTestId": [Function],
  "getByText": [Function],
  "getByTitle": [Function],
  "queryAllByAltText": [Function],
  "queryAllByDisplayValue": [Function],
  "queryAllByLabelText": [Function],
  "queryAllByPlaceholderText": [Function],
  "queryAllByRole": [Function],
  "queryAllByTestId": [Function],
  "queryAllByText": [Function],
  "queryAllByTitle": [Function],
  "queryByAltText": [Function],
  "queryByDisplayValue": [Function],
  "queryByLabelText": [Function],
  "queryByPlaceholderText": [Function],
  "queryByRole": [Function],
  "queryByTestId": [Function],
  "queryByText": [Function],
  "queryByTitle": [Function],
  "rerender": [Function],
  "unmount": [Function],
}
`;
